{
    "Default test": {
        "content": [
            24,
            [
                "adjust",
                "adjust/A1_S_adjusted_report.txt",
                "adjust/A1_S_bracken_abundances.csv",
                "adjust/B2_S_adjusted_report.txt",
                "adjust/B2_S_bracken_abundances.csv",
                "adjust/C3_S_adjusted_report.txt",
                "adjust/C3_S_bracken_abundances.csv",
                "bracken",
                "bracken/A1_S_bracken.txt",
                "bracken/A1_S_bracken_abundances_unsorted.tsv",
                "bracken/B2_S_bracken.txt",
                "bracken/B2_S_bracken_abundances_unsorted.tsv",
                "bracken/C3_S_bracken.txt",
                "bracken/C3_S_bracken_abundances_unsorted.tsv",
                "bracken/bracken_abundances_header.csv",
                "bracken2krona",
                "bracken2krona/A1.txt",
                "bracken2krona/B2.txt",
                "bracken2krona/C3.txt",
                "csvtk",
                "csvtk/merged_topN.csv",
                "failure",
                "failure/failures_report.csv",
                "fastp",
                "fastp/A1.fastp.html",
                "fastp/A1.fastp.json",
                "fastp/A1_R1_trimmed.fastq.gz",
                "fastp/A1_R2_trimmed.fastq.gz",
                "fastp/B2.fastp.html",
                "fastp/B2.fastp.json",
                "fastp/B2_R1_trimmed.fastq.gz",
                "fastp/B2_R2_trimmed.fastq.gz",
                "fastp/C3.fastp.html",
                "fastp/C3.fastp.json",
                "fastp/C3_trimmed.fastq.gz",
                "iridanext.output.json",
                "kraken2",
                "kraken2/A1_kraken2_output.tsv.gz",
                "kraken2/A1_kraken2_report.txt",
                "kraken2/B2_kraken2_output.tsv.gz",
                "kraken2/B2_kraken2_report.txt",
                "kraken2/C3_kraken2_output.tsv.gz",
                "kraken2/C3_kraken2_report.txt",
                "krona",
                "krona/A1.krona.html",
                "krona/B2.krona.html",
                "krona/C3.krona.html",
                "pipeline_info",
                "pipeline_info/software_versions.yml",
                "top",
                "top/A1_S_top_5.csv",
                "top/B2_S_top_5.csv",
                "top/C3_S_top_5.csv"
            ],
            [
                "A1_S_adjusted_report.txt:md5,ba31f7818c018413914f81a334fdf84a",
                "A1_S_bracken_abundances.csv:md5,79f2f5fcdd4d21bb55ad7fe84bd66969",
                "B2_S_adjusted_report.txt:md5,7b730531d2b6923d2762f8d3c45eff87",
                "B2_S_bracken_abundances.csv:md5,fd0d5e75b649a338dec640b1fb8e3f34",
                "C3_S_adjusted_report.txt:md5,52b348f0a11fb285138608a5e794f76f",
                "C3_S_bracken_abundances.csv:md5,add5cd16873aecac89446f07875be6f0",
                "A1_S_bracken.txt:md5,20fdf77a7f6b050c19e2b5d18e490757",
                "A1_S_bracken_abundances_unsorted.tsv:md5,63f3faf29d6ae1ff2340052881317d15",
                "B2_S_bracken.txt:md5,82ba5ceea5aef2f7f4666cac98d65fa0",
                "B2_S_bracken_abundances_unsorted.tsv:md5,bb495ff9c6bfe0cca9ca61ef31fefb10",
                "C3_S_bracken.txt:md5,649cd51d610fcad9a986a291e241030a",
                "C3_S_bracken_abundances_unsorted.tsv:md5,8751405f28aa6a0295487b15e54a86df",
                "bracken_abundances_header.csv:md5,58497e218cfe4e2f460545fb715245d3",
                "A1.txt:md5,8b3670d80f15dd18976716354b87be1d",
                "B2.txt:md5,9100a487da015ad000ff9b347afc76ae",
                "C3.txt:md5,9ac11c5f3d75a2c8d648c2cf077c9143",
                "failures_report.csv:md5,1e9dfc599574146843162ad55e76ee0f",
                "A1.fastp.json:md5,ececfcb50a5e3bae261e3cb203000e27",
                "A1_R1_trimmed.fastq.gz:md5,0057157e70a9c0e29ed33c9534e4fde1",
                "A1_R2_trimmed.fastq.gz:md5,adfca59a9c0ee4cb9c582d02b227caba",
                "B2.fastp.json:md5,3ae12b9742350b88705d2e2d83fee6ca",
                "B2_R1_trimmed.fastq.gz:md5,86af00dcb0a038c3aefa53476809a658",
                "B2_R2_trimmed.fastq.gz:md5,139329e80179b6bceaa24e596c7a4c30",
                "C3.fastp.json:md5,9cf8054a7471f08208c489c32742bb25",
                "C3_trimmed.fastq.gz:md5,0e67a8988bf4e6dc4432f7695d756c49",
                "A1_kraken2_output.tsv.gz:md5,2006d0533a2f69176bfbc29e52cadef3",
                "A1_kraken2_report.txt:md5,389fe32346b93f9ad75f0aeba992ba7d",
                "B2_kraken2_output.tsv.gz:md5,2a177ec6eaf96133bbc35f6ff889c18d",
                "B2_kraken2_report.txt:md5,6782a4c7088a7edd08b4ef5cce9c4d69",
                "C3_kraken2_output.tsv.gz:md5,4a138c80558905861fdadc7ba9580fe9",
                "C3_kraken2_report.txt:md5,530c12509ee74a9ac96b1215c0fdffff",
                "A1_S_top_5.csv:md5,997c64e799ee5a8fc84c7830fe8f09e5",
                "B2_S_top_5.csv:md5,824edf6da7008ddc1e73bc7ea4c0e0c2",
                "C3_S_top_5.csv:md5,2788261901ff4df0d6a3ea40623114eb"
            ]
        ],
        "meta": {
            "nf-test": "0.9.2",
            "nextflow": "25.04.6"
        },
        "timestamp": "2025-10-03T12:08:52.74658459"
    }
}